// Jest Snapshot v1, https://goo.gl/fbAQLP

exports[`Render MovieCardPreview 1`] = `
<article
  className="small-movie-card catalog__movies-card"
  onMouseEnter={[Function]}
>
  <div
    className="small-movie-card__image"
  >
    <img
      alt="img/bohemian-rhapsody.jpg"
      height="175"
      src="Bohemian Rhapsody"
      width="280"
    />
  </div>
  <h3
    className="small-movie-card__title"
  >
    <a
      className="small-movie-card__link"
      href="movie-page.html"
      onClick={[Function]}
    >
      img/bohemian-rhapsody.jpg
    </a>
  </h3>
</article>
`;
