// Jest Snapshot v1, https://goo.gl/fbAQLP

exports[`Render SimilarMovies 1`] = `
<section
  className="catalog catalog--like-this"
>
  <h2
    className="catalog__title"
  >
    More like this
  </h2>
  <div
    className="catalog__movies-list"
  >
    <article
      className="small-movie-card catalog__movies-card"
      onMouseEnter={[Function]}
      onMouseLeave={[Function]}
    >
      <a
        href="/film/1"
        onClick={[Function]}
      >
        <div
          className="small-movie-card__image"
        >
          <video
            autoPlay={false}
            controls={false}
            height="175"
            muted={true}
            poster="img/bohemian-rhapsody.jpg"
            width="280"
          >
            <source
              src="https://download.blender.org/durian/trailer/sintel_trailer-480p.mp4"
              type="video/mp4"
            />
          </video>
        </div>
      </a>
      <h3
        className="small-movie-card__title"
      >
        <a
          className="small-movie-card__link"
          href="/film/1"
          onClick={[Function]}
        >
          Bohemian Rhapsody
        </a>
      </h3>
    </article>
    <article
      className="small-movie-card catalog__movies-card"
      onMouseEnter={[Function]}
      onMouseLeave={[Function]}
    >
      <a
        href="/film/2"
        onClick={[Function]}
      >
        <div
          className="small-movie-card__image"
        >
          <video
            autoPlay={false}
            controls={false}
            height="175"
            muted={true}
            poster="img/fantastic-beasts-the-crimes-of-grindelwald.jpg"
            width="280"
          >
            <source
              src="https://download.blender.org/durian/trailer/sintel_trailer-480p.mp4"
              type="video/mp4"
            />
          </video>
        </div>
      </a>
      <h3
        className="small-movie-card__title"
      >
        <a
          className="small-movie-card__link"
          href="/film/2"
          onClick={[Function]}
        >
          Fantastic Beasts: The Crimes of Grindelwald
        </a>
      </h3>
    </article>
  </div>
</section>
`;
